[    0.000000] Initializing cgroup subsys cpuset
[    0.000000] Initializing cgroup subsys cpu
[    0.000000] Initializing cgroup subsys cpuacct
[    0.000000] Linux version 4.4.0-62-generic (buildd@lcy01-30) (gcc version 5.4.0 20160609 (Ubuntu 5.4.0-6ubuntu1~16.04.4) ) #83-Ubuntu SMP Wed Jan 18 14:10:15 UTC 2017 (Ubuntu 4.4.0-62.83-generic 4.4.40)
[    0.000000] Command line: BOOT_IMAGE=/boot/vmlinuz-4.4.0-62-generic root=LABEL=cloudimg-rootfs ro console=tty1console=ttyS0
[    0.000000] KERNEL supported cpus:
[    0.000000]   Intel GenuineIntel
[    0.000000]   AMD AuthenticAMD
[    0.000000]   Centaur CentaurHauls
[    0.000000] x86/fpu: xstate_offset[2]:  576, xstate_ses[2]:  256
[    0.000000] x86//fpu: Supporting XSAVE feature 0x01: 'x87 floating point registers'
[    0.000000] x86/fpu: Supporting XSAVE feature 0x02: 'SSE registers'
[    0.000000] x86/fpu: Supporting XSAVE feature 0x04: 'AVX registers'
[    0.000000] x86/fpu: Enabled xstate features 0x7, context size is 832 bytes, using 'standard' format.
[    0.000000] x86/fpu: Using 'lazy' FPU context switches.
[    0.000000] e820: BIOS-provided physical RAM map:
[    0.000000] BIOS-e820: [mem 0x0000000000000000-0x000000000009fbff] usable
[    0.000000] BIOS-e820: [mem 0x000000000009fc00-0x000000000009ffff] reserved
[    0.000000] BIOS-e820: [mem 0x00000000000f0000-0x00000000000fffff] reserved
[    0.000000] BIOS-e820: [mem 0x0000000000100000-0x000000007ffeffff] usable
[    0.000000] BIOS-e820: [mem 0x000000007fff0000-0x000000007fffffff] ACPI data
[    0.000000] BIOS-e820: [mem 0x00000000fec00000-0x00000000fec00fff] reserved
[  0.00000] BIOS-e820: [mem 0x00000000fee00000-0x00000000fee00ff] reserved
[    0.000000] BIOS-e820: [mem 0x000000fffc0000-0x00000000ffffffff] reserved
[    0.000000] NX (Execute Disable) protection: active
[    0.000000] SMBIOS 2.5 present.
[    0.000000] Hypervisor detected: KVM
[    0.00000] e820: last_pfn = 0x7fff0 max_arch_pfn = 0x400000000
[    0.000000] MTRR: Disabled
[    0.000000] x86/PAT: MTRRs disabled, skipping PAT initialization too.
[    0.000000] x86/PAT: Configuration [0-7]: WB  WT  UC- UC  WB  WT  UC- UC  
[    0.000000] CPU MTRRs all blank - virtualized system.
[    0.000000] found SMP MP-table at [mem 0x0009fff0-0x0009ffff] mapped at [ffff88000009fff0]
[    0.000000] Scanning 1 areas for low memorry corruption
[    0.000000] RAMDISK: [mem 0x362fc000-0x37175fff]
[    0.000000] ACPI: Early table checksum verification disabled
[    0.000000] ACPI: RSDP 0x00000000000E0000 000024 (v02 VBOX  )
[    0.000000] ACPI: XSDT 0x000000007FFF0030 00003C (v01 VBOX   VBOXXSDT 00000001 ASL  00000061)
[    0.000000] ACPI: FACP 0x000000007FFF00F0 0000F4 (v04 VBOX   VBOXFACP 00000001 ASL  00000061)
[    0.000000] ACPI: DSDT 0x000000007FFF0470 0021FF (v02 VBOX   VBOXBIOS 00000002 INTL 20100528)
[    0.000000] ACPI: FACS 0x000000007FFF0200 000040
[    0.000000] ACPI: FACS 0x000000007FFF0200 000040
[    0.000000] ACPI: APIC 0x000000007FFF0240 00005C (v02 VBOX   VBOXAPIC 00000001 ASL  00000061)
[    0.000000] ACPI: SSDT 0x000000007FFF02A0 0001CC (v01 VBOX   VBOXCPUT 00000002 INTL 20100528)
[    0.000000] No NUMA configuration found
[    0.000000] Faking a node at [mem 0x0000000000000000-0x000000007ffeffff]
[    0.000000] NODE_DATA(0) allocated [mem 0x7ffeb000-0x7ffeffff]
[    0.000000] kvm-clock: Using msrs 4b564d01 and 4b564d00
[    0.000000] kvm-clock: cpu 0, msr 0:7ffe3001, primary cpu clock
[    0.000000] kvm-clock: using sched offset of 5868749736 cycles
[    0.000000] clocksource: kvm-clock: mask: 0xffffffffffffffff max_cycles: 0x1cd42e4dffb, max_idle_ns: 881590591483 ns
[    0.000000] Zone ranges:
[    0.000000]   DMA      [mem 0x0000000000001000-0x0000000000ffffff]
[    0.000000]   DMA32    [mem 0x0000000001000000-0x000000007ffeffff]
[    0.000000]   Normal   empty
[    0.000000]   Device   empty
[    0.000000] Movable zone start for each node
[    0.000000] Early memory node ranges
[    0.000000]   node   0: [mem 0x0000000000001000-0x000000000009efff]
[    0.000000]   node   0: [mem 0x0000000000100000-0x000000007ffeffff]
[    0.000000] Initmem setup node 0 [mem 0x0000000000001000-0x000000007ffeffff]
[    0.000000] ACPI: PM-Timer IO Port: 0x4008
[    0.000000] IOAPIC[0]: apic_id 2, version 32, address 0xfec00000, GSI 0-23
[    0.000000] ACPI: INT_SRC_OVR (bus 0 bus_irq 0 global_irq 2 dfl dfl)
[    0.000000] ACPI: INT_SRC_OVR (bus 0 bus_irq 9 global_irq 9 low level)
[    0.000000] Using ACPI (MADT) for SMP configuration information
[    0.000000] smpboot: Allowing 2 CPUs, 0 hotplug CPUs
[    0.000000] PM: Registered nosave memory: [mem 0x00000000-0x00000fff]
[    0.000000] PM: Registered nosave memory: [mem 0x000f000-0x0009ffff]
[    0.000000] PM: Registered nosave memory: [mem 0x000a0000-0x000effff]
[    0.000000] PM: Registered nosave memory: [mem 0x000f0000-0x000fffff]
[    0.000000] e820: [mem 0x80000000-0xfebfffff] available for PCI devices
[   0.000000] Booting paravirtualized kernel on KVM
[    0.000000] clocksourrce: refined-jiffies: mask: 0xffffffff max_cycles: 0xffffffff, max_idle_ns: 764551960211568 ns
[    0.000000] setup_percpu: NR_CPUS:512 nr_cpumask_bits:512 nr_cpu_ids:2 nr_node_ids:1
[    0.000000] PERCPU: Embedded 33 pages/cpu @ffff88007fc00000 s98264 r8192 d28712 u1048576
[    0.000000] PV qspinlock hash table entries: 256 (order: 0, 4096 bytes)
[    0.000000] Built 1 zonelists in Node order, mobility grouping on.  Total pages: 515961
[    0.000000] Policy zone: DMA32
[    0.000000] Kernel command line: BOOT_IMAGE=/boot/vmlinuz-4.4.0-62-generic root=LABEL=cloudimg-rootfs ro console=tty1 console=ttyS0
[    0.000000] PID hash table entries: 4096 (order: 3, 32768 bytes)
[    0.000000] Memory: 2029948K/2096696K available (8436K kernel code, 1291K rwdata, 3960K rodata, 1488K init, 1316K bss, 66748K reserved, 0K cma-reserved)
[    0.000000] SLUB: HWalign=64, Order=0-3, MinObjects=0, CPUs=2, Nodes=1
[    0.000000] Hierarchical RCU implementation.
[    0.000000] 	Build-time adjustment of leaf fanout to 64.
[    0.000000] 	RCU restricting CPUs from NR_CPUS=512 to nr_cpu_ids=2.
[    0.000000] RCU: Adjusting geometry for rcu_fanout_leaf=64, nr_cpu_ids=2
[    0.000000] NR_IRQS:33024 nr_irqs:440 16
[    0.000000] Console: colour VGA+ 80x25
[    0.000000] console [tty1] enabled
[    0.000000] console [ttyS0] enabld
[    0.000000] tsc: Detected 2904.000 MHz processor
[    0.968879] Calibrating delay loop (skipped) preset value.. 5808.00 BogoMIPS (lpj=11616000)
[    0.997074] pid_max: default: 32768 minimum: 301
[    0.999233] ACPI: Core revision 20150930
[    1.002799] ACPI: 2 ACPI AML tables successfully acquired and loaded
[    1.009259] Security Framework initialized
[    1.013470] Yama: becoming mindful.
[    1.016731] AppArmor: AppArmor initialized
[    1.022039] Dentry cache hash table entries: 262144 (order: 9, 2097152 bytes)
[    1.026758] Inode-cache hash table entries: 131072 (order: 8, 1048576 bytes)
[    1.030194] Mount-cache hash table entries: 4096 (order: 3, 32768 bytes)
[    1.034637] Mountpoint-cache hash table entries: 4096 (order: 3, 32768 bytes)
[    1.044555] Initializing cgroup subsys io
[    1.056062] Initializing cgroup subsys memory
[    1.092440] Initializing cgroup subsys devices
[    1.179518] Initializing cgroup subsys freezer
[    1.184595] Initializing cgroup subsys net_cls
[    1.187553] Initializing cgroup subsys perf_event
[    1.238398] Initializing cgroup subsys net_prio
[    1.291793] Initializing cgroup subsys hugetlb
[    1.296485] Initializing cgroup subsys pids
[    1.300408] CPU: Physical Processor ID: 0
[    1.305078] CPU: Processor Core ID: 0
[    1.309250] mce: CPU supports 0 MCE banks
[    1.314745] Last level iTLB entries: 4KB 64, 2MB 8, 4MB 8
[    1.322177] Last level dTLB entries: 4KB 64, 2MB 0, 4MB 0, 1GB 4
[    1.330305] Freeing SMP alternatives memory: 32K (ffffffff820b8000 - ffffffff820c0000)
[    1.347763] ftrace: allocating 32065 entries in 126 pages
[    1.427264] smpboot: APIC(0) Converting physical 0 to logical package 0
[    1.486181] smpboot: Max logical packages: 1
[    1.532668] x2apic enabled
[    1.555670] Switched APIC routing to physical x2apic.
[    1.582125] ..TIMER: vector=0x30 apic1=0 pin1=2 apic2=-1 pin2=-1
[    1.770023] smpboot: CPU0: Intel(R) Core(TM) i5-6267U CPU @ 2.90GHz (family: 0x6, model: 0x4e, stepping: 0x3)
[    1.779811] Performance Events: unsupported p6 CPU model 78 no PMU driver, software events only.
[    1.787194] KVM setup paravirtual spinlock
[    1.790088] x86: Booting SMP configuration:
[    1.793226] .... node  #0, CPUs:      #1
[    1.795980] kvm-clock: cpu 1, msr 0:7ffe3041, secondary cpu clock
[    1.801473] mce: CPU supports 0 MCE banks
[    1.805734] x86: Booted up 1 node, 2 CPUs
[    1.808375] smpboot: Total of 2 processors activated (11616.00 BogoMIPS)
[    1.815364] devtmpfs: initialized
[    1.823564] evm: security.selinux
[    1.825919] evm: security.SMACK64
[    1.827929] evm: security.SMACK64EXEC
[    1.832185] evm: security.SMACK64TRANSMUTE
[    1.835255] evm: security.SMACK64MMAP
[    1.838220] evm: security.ima
[    1.840166] evm: security.capability
[    1.844194] clocksource: jiffies: mask: 0xffffffff max_cycles: 0xffffffff, max_idle_ns: 7645041785100000 ns
[    1.849800] pinctrl core: initialized pinctrl subsystem
[    1.852921] RTC time: 14:57:55, date: 04/03/19
[    1.857220] NET: Registered protocol family 16
[    1.870710] cpuidle: using governor ladder
[    1.886255] cpuidle: using governor menu
[    1.889000] PCCT header not found.
[    1.891712] ACPI: bus type PCI registered
[    1.895780] acpiphp: ACPI Hot Plug PCI Controller Driver version: 0.5
[    1.900490] PCI: Using configuration type 1 for base access
[    1.920234] ACPI: Added _OSI(Module Device)
[    1.947077] ACPI: Added _OSI(Processor Device)
[    2.028132] ACPI: Added _OSI(3.0 _SCP Extensions)
[    2.036601] ACPI: Added _OSI(Processor Aggregator Device)
[    2.067838] ACPI: Executed 1 blocks of module-level executable AML code
[    2.091832] ACPI: Interpreter enabled
[    2.094153] ACPI: (supports S0 S5)
[    2.102839] ACPI: Using IOAPIC for interrupt routing
[    2.120708] PCI: Using host bridge windows from ACPI; if necessary, use "pci=nocrs" and report a bug
[    2.161598] ACPI: PCI Root Bridge [PCI0] (domain 0000 [bus 00-ff])
[    2.164977] acpi PNP0A03:00: _OSC: OS supports [ASPM ClockPM Segments MSI]
[    2.168315] acpi PNP0A03:00: _OSC: not requesting OS control; OS requires [ExtendedConfig ASPM ClockPM MSI]
[    2.173614] acpi PNP0A03:00: fail to add MMCONFIG information, can't access extended PCI configuration space under this bridge.
[    2.185079] PCI host bridge to bus 0000:00
[    2.187559] pci_bus 0000:00: root bus resource [io  0x0000-0x0cf7 window]
[    2.192580] pci_bus 0000:00: root bus resource [io  0x0d00-0xffff window]
[    2.197150] pci_bus 0000:00: root bus resource [mem 0x000a0000-0x000bffff window]
[    2.203727] pci_bus 0000:00: root bus resource [mem 0x80000000-0xfdffffff window]
[    2.207588] pci_bus 0000:00: root bus resource [bus 00-ff]
[    2.217888] pci 0000:00:01.1: legacy IDE quirk: reg 0x10: [io  0x01f0-0x01f7]
[    2.223634] pci 0000:00:01.1: legacy IDE quirk: reg 0x14: [io  0x03f6]
[    2.228874] pci 0000:00:01.1: legacy IDE quirk: reg 0x18: [io  0x0170-0x0177]
[    2.237312] pci 0000:00:01.1: legacy IDE quirk: reg 0x1c: [io  0x0376]
[    2.286077] pci 0000:00:07.0: quirk: [io  0x4000-0x403f] claimed by PIIX4 ACPI
[    2.291063] pci 0000:00:07.0: quirk: [io  0x4100-0x410f] claimed by PIIX4 SMB
[    2.324232] ACPI: PCI Interrupt Link [LNKA] (IRQs 5 9 10 *11)
[    2.343472] ACPI: PCI Interrupt Link [LNKB] (IRQs 5 9 *10 11)
[    2.348536] ACPI: PCI Interrupt Link [LNKC] (IRQs 5 *9 10 11)
[    2.354933] ACPI: PCI Interrupt Link [LNKD] (IRQs 5 9 10 *11)
[    2.360141] ACPI: Enabled 2 GPEs in block 00 to 07
[    2.364649] vgaarb: setting as boot device: PCI:0000:00:02.0
[    2.369955] vgaarb: device added: PCI:0000:00:02.0,decodes=io+mem,owns=io+mem,locks=none
[    2.374855] vgaarb: loaded
[    2.376082] vgaarb: bridge control possible 0000:00:02.0
[    2.385907] SCSI subsystem initialized
[    2.388325] ACPI: bus type USB registered
[    2.391986] usbcore: registered new interface driver usbfs
[    2.396354] usbcore: registered new interface driver hub
[    2.399980] usbcore: registered new device driver usb
[    2.403781] PCI: Using ACPI for IRQ routing
[    2.406178] NetLabel: Initializing
[    2.408503] NetLabel:  domain hash size = 128
[    2.413193] NetLabel:  protocols = UNLABELED CIPSOv4
[    2.417409] NetLabel:  unlabeled traffic allowed by default
[    2.421439] amd_nb: Cannot enumerate AMD northbridges
[    2.424770] clocksource: Switched to clocksource kvm-clock
[    2.444018] AppArmor: AppArmor Filesystem Enabled
[    2.448192] pnp: PnP ACPI init
[    2.453485] pnp: PnP ACPI: found 3 devices
[    2.477333] clocksource: acpi_pm: mask: 0xffffff max_cycles: 0xffffff, max_idle_ns: 2085701024 ns
[    2.483201] NET: Registered protocol family 2
[    2.486232] TCP established hash table entries: 16384 (order: 5, 131072 bytes)
[    2.490030] TCP bind hash table entries: 16384 (order: 6, 262144 bytes)
[    2.494069] TCP: Hash tables configured (established 16384 bind 16384)
[    2.496804] UDP hash table entries: 1024 (order: 3, 32768 bytes)
[    2.500351] UDP-Lite hash table entries: 1024 (order: 3, 32768 bytes)
[    2.504398] NET: Registered protocol family 1
[    2.507292] pci 0000:00:00.0: Limiting direct PCI/PCI transfers
[    2.511425] pci 0000:00:01.0: Activating ISA DMA hang workarounds
[    2.515432] Trying to unpack rootfs image as initramfs...
[    3.013921] Freeing initrd memory: 14824K (ffff8800362fc000 - ffff880037176000)
[    3.019115] platform rtc_cmos: registered platform RTC device (no PNP device found)
[    3.024284] Scanning for low memory corruption every 60 seconds
[    3.028906] futex hash table entries: 512 (order: 3, 32768 bytes)
[    3.033337] audit: initializing netlink subsys (disabled)
[    3.036904] audit: type=2000 audit(1554303483.047:1): initialized
[    3.041057] Initialise system trusted keyring
[    3.049698] HugeTLB registered 2 MB page size, pre-allocated 0 pages
[    3.057142] zbud: loaded
[    3.059564] VFS: Disk quotas dquot_6.6.0
[    3.063827] VFS: Dquot-cache hash table entries: 512 (order 0, 4096 bytes)
[    3.070531] squashfs: version 4.0 (2009/01/31) Phillip Lougher
[    3.074887] fuse init (API version 7.23)
[    3.077330] Key type big_key registered
[    3.079692] Allocating IMA MOK and blacklist keyrings.
[    3.085972] Key type asymmetric registered
[    3.088693] Asymmetric key parser 'x509' registered
[    3.092060] Block layer SCSI generic (bsg) driver version 0.4 loaded (major 249)
[    3.098519] io scheduler noop registered
[    3.101257] io scheduler deadline registered (default)
[    3.104080] io scheduler cfq registered
[    3.112044] pci_hotplug: PCI Hot Plug PCI Core version: 0.5
[    3.115379] pciehp: PCI Express Hot Plug Controller Driver version: 0.4
[    3.119789] ACPI: AC Adapter [AC] (off-line)
[    3.123060] input: Power Button as /devices/LNXSYSTM:00/LNXPWRBN:00/input/input0
[    3.134321] ACPI: Power Button [PWRF]
[    3.137609] input: Sleep Button as /devices/LNXSYSTM:00/LNXSLPBN:00/input/input1
[    3.149438] ACPI: Sleep Button [SLPF]
[    3.155549] ACPI: Battery Slot [BAT0] (battery present)
[    3.161280] GHES: HEST is not enabled!
[    3.170084] Serial: 8250/16550 driver, 32 ports, IRQ sharing enabled
[    3.220551] 00:02: ttyS0 at I/O 0x3f8 (irq = 4, base_baud = 115200) is a 16550A
[    3.231738] Linux agpgart interface v0.103
[    3.333283] brd: module loaded
[    3.335580] loop: module loaded
[    3.337188] scsi host0: ata_piix
[    3.337262] scsi host1: ata_piix
[    3.337304] ata1: PATA max UDMA/33 cmd 0x1f0 ctl 0x3f6 bmdma 0xd000 irq 14
[    3.337305] ata2: PATA max UDMA/33 cmd 0x170 ctl 0x376 bmdma 0xd008 irq 15
[    3.337401] libphy: Fixed MDIO Bus: probed
[    3.337404] tun: Universal TUN/TAP device driver, 1.6
[    3.337404] tun: (C) 1999-2004 Max Krasnyansky <maxk@qualcomm.com>
[    3.337478] PPP generic driver version 2.4.2
[    3.337598] ehci_hcd: USB 2.0 'Enhanced' Host Controller (EHCI) Driver
[    3.337608] ehci-pci: EHCI PCI platform driver
[    3.337627] ehci-platform: EHCI generic platform driver
[    3.337638] ohci_hcd: USB 1.1 'Open' Host Controller (OHCI) Driver
[    3.337643] ohci-pci: OHCI PCI platform driver
[    3.337654] ohci-platform: OHCI generic platform driver
[    3.337664] uhci_hcd: USB Universal Host Controller Interface driver
[    3.337726] i8042: PNP: PS/2 Controller [PNP0303:PS2K,PNP0f03:PS2M] at 0x60,0x64 irq 1,12
[    3.338497] serio: i8042 KBD port at 0x60,0x64 irq 1
[    3.338511] serio: i8042 AUX port at 0x60,0x64 irq 12
[    3.338756] mousedev: PS/2 mouse device common for all mice
[    3.339199] input: AT Translated Set 2 keyboard as /devices/platform/i8042/serio0/input/input2
[    3.339772] rtc_cmos rtc_cmos: rtc core: registered rtc_cmos as rtc0
[    3.339903] rtc_cmos rtc_cmos: alarms up to one day, 114 bytes nvram
[    3.339914] i2c /dev entries driver
[    3.339983] device-mapper: uevent: version 1.0.3
[    3.340050] device-mapper: ioctl: 4.34.0-ioctl (2015-10-28) initialised: dm-devel@redhat.com
[    3.340073] ledtrig-cpu: registered to indicate activity on CPUs
[    3.340631] NET: Registered protocol family 10
[    3.340818] NET: Registered protocol family 17
[    3.340831] Key type dns_resolver registered
[    3.341131] microcode: CPU0 sig=0x406e3, pf=0x2, revision=0x0
[    3.404025] microcode: CPU1 sig=0x406e3, pf=0x2, revision=0x0
[    3.404109] microcode: Microcode Update Driver: v2.01 <tigran@aivazian.fsnet.co.uk>, Peter Oruba
[    3.404244] registered taskstats version 1
[    3.404265] Loading compiled-in X.509 certificates
[    3.405331] Loaded X.509 cert 'Build time autogenerated kernel key: a630254739635d6fdc487c9f0afa5d9a0ff04f04'
[    3.405364] zswap: loaded using pool lzo/zbud
[    3.411363] Key type trusted registered
[    3.416052] Key type encrypted registered
[    3.416060] AppArmor: AppArmor sha1 policy hashing enabled
[    3.416063] ima: No TPM chip found, activating TPM-bypass!
[    3.416087] evm: HMAC attrs: 0x1
[    3.417033]   Magic number: 15:139:990
[    3.458423] rtc_cmos rtc_cmos: setting system clock to 2019-04-03 14:57:57 UTC (1554303477)
[    3.459519] BIOS EDD facility v0.16 2004-Jun-25, 0 devices found
[    3.459519] EDD information not available.
[    4.017022] tsc: Refined TSC clocksource calibration: 2905.221 MHz
[    4.018285] Freeing unused kernel memory: 1488K (ffffffff81f44000 - ffffffff820b8000)
[    4.018286] Write protecting the kernel read-only data: 14336k
[    4.055848] clocksource: tsc: mask: 0xffffffffffffffff max_cycles: 0x29e08744142, max_idle_ns: 440795279391 ns
[    4.066271] Freeing unused kernel memory: 1792K (ffff880001840000 - ffff880001a00000)
[    4.079701] Freeing unused kernel memory: 136K (ffff880001dde000 - ffff880001e00000)
Loading, please wait...
starting version 229
[    4.123582] random: systemd-udevd: uninitialized urandom read (16 bytes read, 5 bits of entropy available)
[    4.124272] random: udevadm: uninitialized urandom read (16 bytes read, 5 bits of entropy available)
[    4.124324] random: udevadm: uninitialized urandom read (16 bytes read, 5 bits of entropy available)
[    4.124516] random: udevadm: uninitialized urandom read (16 bytes read, 5 bits of entropy available)
[    4.124588] random: udevadm: uninitialized urandom read (16 bytes read, 5 bits of entropy available)
[    4.124702] random: udevadm: uninitialized urandom read (16 bytes read, 5 bits of entropy available)
[    4.124821] random: udevadm: uninitialized urandom read (16 bytes read, 5 bits of entropy available)
[    4.124967] random: udevadm: uninitialized urandom read (16 bytes read, 5 bits of entropy available)
[    4.125057] random: udevadm: uninitialized urandom read (16 bytes read, 5 bits of entropy available)
[    4.125141] random: udevadm: uninitialized urandom read (16 bytes read, 5 bits of entropy available)
[    4.440414] vboxvideo: module verification failed: signature and/or required key missing - tainting kernel
[    4.451296] e1000: Intel(R) PRO/1000 Network Driver - version 7.3.21-k8-NAPI
[    4.460878] e1000: Copyright (c) 1999-2006 Intel Corporation.
[    4.481986] vboxvideo: Unknown symbol ttm_bo_mmap (err 0)
[    4.505210] vboxvideo: Unknown symbol drm_framebuffer_cleanup (err 0)
[    4.512359] Fusion MPT base driver 3.04.20
[    4.516421] Copyright (c) 1999-2008 LSI Corporation
[    4.518093] vboxvideo: Unknown symbol drm_global_item_unref (err 0)
[    4.518099] vboxvideo: Unknown symbol drm_open (err 0)
[    4.518101] vboxvideo: Unknown symbol drm_fb_helper_single_add_all_connectors (err 0)
[    4.518103] vboxvideo: Unknown symbol drm_fb_helper_init (err 0)
[    4.518105] vboxvideo: Unknown symbol drm_poll (err 0)
[    4.518107] vboxvideo: Unknown symbol drm_fb_helper_debug_enter (err 0)
[    4.518109] vboxvideo: Unknown symbol drm_mode_object_find (err 0)
[    4.518112] vboxvideo: Unknown symbol ttm_bo_global_release (err 0)
[    4.518114] vboxvideo: Unknown symbol drm_kms_helper_poll_disable (err 0)
[    4.518116] vboxvideo: Unknown symbol drm_mode_crtc_set_gamma_size (err 0)
[    4.518118] vboxvideo: Unknown symbol drm_mode_legacy_fb_format (err 0)
[    4.518120] vboxvideo: Unknown symbol drm_connector_register (err 0)
[    4.518122] vboxvideo: Unknown symbol drm_fb_helper_fill_fix (err 0)
[    4.518128] vboxvideo: Unknown symbol ttm_pool_unpopulate (err 0)
[    4.518130] vboxvideo: Unknown symbol drm_ut_debug_printk (err 0)
[    4.518132] vboxvideo: Unknown symbol drm_framebuffer_init (err 0)
[    4.518133] vboxvideo: Unknown symbol drm_fb_helper_setcmap (err 0)
[    4.518137] vboxvideo: Unknown symbol drm_helper_disable_unused_functions (err 0)
[    4.518139] vboxvideo: Unknown symbol drm_modeset_unlock_all (err 0)
[    4.518140] vboxvideo: Unknown symbol ttm_bo_manager_func (err 0)
[    4.518146] vboxvideo: Unknown symbol drm_mode_probed_add (err 0)
[    4.518147] vboxvideo: Unknown symbol drm_fb_helper_restore_fbdev_mode_unlocked (err 0)
[    4.518149] vboxvideo: Unknown symbol ttm_bo_global_init (err 0)
[    4.518151] vboxvideo: Unknown symbol drm_modeset_lock_all (err 0)
[    4.518153] vboxvideo: Unknown symbol drm_fb_helper_fini (err 0)
[    4.518160] vboxvideo: Unknown symbol drm_mode_create_suggested_offset_properties (err 0)
[    4.518163] vboxvideo: Unknown symbol drm_mode_config_init (err 0)
[    4.518165] vboxvideo: Unknown symbol drm_crtc_cleanup (err 0)
[    4.518168] vboxvideo: Unknown symbol ttm_bo_device_release (err 0)
[    4.518174] vboxvideo: Unknown symbol drm_encoder_cleanup (err 0)
[    4.518176] vboxvideo: Unknown symbol drm_gem_object_init (err 0)
[    4.518178] vboxvideo: Unknown symbol drm_connector_unregister (err 0)
[    4.518180] vboxvideo: Unknown symbol drm_gem_prime_handle_to_fd (err 0)
[    4.518183] vboxvideo: Unknown symbol drm_crtc_init (err 0)
[    4.518190] vboxvideo: Unknown symbol drm_add_modes_noedid (err 0)
[    4.518191] vboxvideo: Unknown symbol drm_gem_object_lookup (err 0)
[    4.518195] vboxvideo: Unknown symbol drm_get_pci_dev (err 0)
[    4.518197] vboxvideo: Unknown symbol drm_irq_uninstall (err 0)
[    4.518198] vboxvideo: Unknown symbol ttm_bo_kunmap (err 0)
[    4.518205] vboxvideo: Unknown symbol drm_fb_helper_blank (err 0)
[    4.518207] vboxvideo: Unknown symbol drm_fb_helper_check_var (err 0)
[    4.518211] vboxvideo: Unknown symbol ttm_bo_del_sub_from_lru (err 0)
[    4.518212] vboxvideo: Unknown symbol drm_framebuffer_unregister_private (err 0)
[    4.518217] vboxvideo: Unknown symbol drm_gem_prime_import (err 0)
[    4.518219] vboxvideo: Unknown symbol drm_ioctl (err 0)
[    4.518221] vboxvideo: Unknown symbol drm_gem_prime_fd_to_handle (err 0)
[    4.518223] vboxvideo: Unknown symbol drm_gem_object_free (err 0)
[    4.518225] vboxvideo: Unknown symbol drm_debug (err 0)
[    4.518226] vboxvideo: Unknown symbol drm_mode_connector_update_edid_property (err 0)
[    4.518228] vboxvideo: Unknown symbol drm_fb_helper_prepare (err 0)
[    4.518229] vboxvideo: Unknown symbol drm_kms_helper_poll_enable (err 0)
[    4.518231] vboxvideo: Unknown symbol drm_connector_init (err 0)
[    4.518232] vboxvideo: Unknown symbol drm_err (err 0)
[    4.518235] vboxvideo: Unknown symbol ttm_bo_device_init (err 0)
[    4.518237] vboxvideo: Unknown symbol ttm_bo_init_mm (err 0)
[    4.518239] vboxvideo: Unknown symbol ttm_bo_dma_acc_size (err 0)
[    4.518240] vboxvideo: Unknown symbol drm_read (err 0)
[    4.518242] vboxvideo: Unknown symbol drm_gem_object_release (err 0)
[    4.518247] vboxvideo: Unknown symbol ttm_tt_init (err 0)
[    4.518249] vboxvideo: Unknown symbol drm_fb_helper_fill_var (err 0)
[    4.518250] vboxvideo: Unknown symbol ttm_bo_kmap (err 0)
[    4.518252] vboxvideo: Unknown symbol drm_gem_dumb_destroy (err 0)
[    4.518254] vboxvideo: Unknown symbol drm_gem_handle_create (err 0)
[    4.518256] vboxvideo: Unknown symbol drm_put_dev (err 0)
[    4.518258] vboxvideo: Unknown symbol drm_object_attach_property (err 0)
[    4.518261] vboxvideo: Unknown symbol drm_helper_mode_fill_fb_struct (err 0)
[    4.518264] vboxvideo: Unknown symbol ttm_bo_add_to_lru (err 0)
[    4.518269] vboxvideo: Unknown symbol ttm_bo_unref (err 0)
[    4.518270] vboxvideo: Unknown symbol drm_irq_install (err 0)
[    4.518272] vboxvideo: Unknown symbol drm_mode_connector_attach_encoder (err 0)
[    4.518274] vboxvideo: Unknown symbol ttm_mem_global_release (err 0)
[    4.518276] vboxvideo: Unknown symbol drm_helper_connector_dpms (err 0)
[    4.518279] vboxvideo: Unknown symbol ttm_mem_global_init (err 0)
[    4.518281] vboxvideo: Unknown symbol drm_fb_helper_pan_display (err 0)
[    4.518285] vboxvideo: Unknown symbol drm_connector_cleanup (err 0)
[    4.518286] vboxvideo: Unknown symbol drm_pci_set_busid (err 0)
[    4.518292] vboxvideo: Unknown symbol drm_object_property_set_value (err 0)
[    4.518293] vboxvideo: Unknown symbol drm_encoder_init (err 0)
[    4.518296] vboxvideo: Unknown symbol drm_kms_helper_hotplug_event (err 0)
[    4.518300] vboxvideo: Unknown symbol drm_global_item_ref (err 0)
[    4.518302] vboxvideo: Unknown symbol drm_helper_probe_single_connector_modes (err 0)
[    4.518305] vboxvideo: Unknown symbol drm_cvt_mode (err 0)
[    4.518307] vboxvideo: Unknown symbol drm_fb_helper_debug_leave (err 0)
[    4.518309] vboxvideo: Unknown symbol ttm_bo_init (err 0)
[    4.518311] vboxvideo: Unknown symbol ttm_bo_validate (err 0)
[    4.518314] vboxvideo: Unknown symbol drm_mode_destroy (err 0)
[    4.518316] vboxvideo: Unknown symbol drm_mode_config_reset (err 0)
[    4.518318] vboxvideo: Unknown symbol drm_mode_config_cleanup (err 0)
[    4.518322] vboxvideo: Unknown symbol drm_fb_helper_initial_config (err 0)
[    4.518324] vboxvideo: Unknown symbol drm_helper_resume_force_mode (err 0)
[    4.518325] vboxvideo: Unknown symbol drm_compat_ioctl (err 0)
[    4.518327] vboxvideo: Unknown symbol drm_crtc_helper_set_config (err 0)
[    4.518328] vboxvideo: Unknown symbol ttm_tt_fini (err 0)
[    4.518331] vboxvideo: Unknown symbol ttm_pool_populate (err 0)
[    4.518333] vboxvideo: Unknown symbol drm_fb_helper_set_par (err 0)
[    4.518334] vboxvideo: Unknown symbol drm_release (err 0)
[    4.518336] vboxvideo: Unknown symbol drm_gem_prime_export (err 0)
[    5.244579] e1000 0000:00:03.0 eth0: (PCI:33MHz:32-bit) 02:2d:cd:03:0d:15
[    5.244648] e1000 0000:00:03.0 eth0: Intel(R) PRO/1000 Network Connection
[    5.930091] e1000 0000:00:08.0 eth1: (PCI:33MHz:32-bit) 08:00:27:ea:ed:5d
[    5.930096] e1000 0000:00:08.0 eth1: Intel(R) PRO/1000 Network Connection
[    6.570660] AVX2 version of gcm_enc/dec engaged.
[    6.575803] AES CTR mode by8 optimization enabled
[    6.588487] Fusion MPT SPI Host driver 3.04.20
[    6.605496] mptbase: ioc0: Initiating bringup
[    6.643384] e1000 0000:00:08.0 enp0s8: renamed from eth1
[    6.662853] e1000 0000:00:03.0 enp0s3: renamed from eth0
[    6.693256] ioc0: LSI53C1030 A0: Capabilities={Initiator}
[    6.756812] input: ImExPS/2 Generic Explorer Mouse as /devices/platform/i8042/serio1/input/input4
[    6.870357] scsi host2: ioc0: LSI53C1030 A0, FwRev=00000000h, Ports=1, MaxQ=256, IRQ=20
[    6.990589] scsi 2:0:0:0: Direct-Access     VBOX     HARDDISK         1.0  PQ: 0 ANSI: 5
[    7.011909] scsi target2:0:0: Beginning Domain Validation
[    7.019061] scsi target2:0:0: Domain Validation skipping write tests
[    7.068208] scsi target2:0:0: Ending Domain Validation
[    7.080818] scsi target2:0:0: asynchronous
[    7.123467] scsi 2:0:1:0: Direct-Access     VBOX     HARDDISK         1.0  PQ: 0 ANSI: 5
[    7.655018] scsi target2:0:1: Beginning Domain Validation
[    7.661236] floppy0: no floppy controllers found
[    7.668578] scsi target2:0:1: Domain Validation skipping write tests
[    7.675527] scsi target2:0:1: Ending Domain Validation
[    7.681069] scsi target2:0:1: asynchronous
[    7.708916] sd 2:0:0:0: Attached scsi generic sg0 type 0
[    7.718761] sd 2:0:1:0: Attached scsi generic sg1 type 0
[    7.719038] sd 2:0:0:0: [sda] 20971520 512-byte logical blocks: (10.7 GB/10.0 GiB)
[    7.724877] sd 2:0:1:0: [sdb] 20480 512-byte logical blocks: (10.5 MB/10.0 MiB)
[    7.745402] sd 2:0:1:0: [sdb] Write Protect is off
[    7.748384] sd 2:0:0:0: [sda] Write Protect is off
[    7.751445] sd 2:0:1:0: [sdb] Incomplete mode parameter data
[    7.757819] sd 2:0:1:0: [sdb] Assuming drive cache: write through
[    7.761607] sd 2:0:0:0: [sda] Incomplete mode parameter data
[    7.770468] sd 2:0:0:0: [sda] Assuming drive cache: write through
[    7.777897]  sda: sda1
[    7.783194] sd 2:0:1:0: [sdb] Attached SCSI disk
[    7.790698] sd 2:0:0:0: [sda] Attached SCSI disk
Begin: Loading essential drivers ... [    9.467083] md: linear personality registered for level -1
[    9.481268] md: multipath personality registered for level -4
[    9.496089] md: raid0 personality registered for level 0
[    9.505193] md: raid1 personality registered for level 1
[    9.602684] raid6: sse2x1   gen()  4277 MB/s
[    9.717568] raid6: sse2x1   xor()  2683 MB/s
[    9.792894] raid6: sse2x2   gen()  7036 MB/s
[    9.861269] raid6: sse2x2   xor()  4713 MB/s
[    9.929203] raid6: sse2x4   gen()  8076 MB/s
[    9.997095] raid6: sse2x4   xor()  4777 MB/s
[   10.065069] raid6: avx2x1   gen()  7995 MB/s
[   10.141109] raid6: avx2x2   gen()  4779 MB/s
[   10.212951] raid6: avx2x4   gen()  8437 MB/s
[   10.220337] raid6: using algorithm avx2x4 gen() 8437 MB/s
[   10.228496] raid6: using avx2x2 recovery algorithm
[   10.240758] xor: automatically using best checksumming function:
[   10.284978]    avx       : 14435.000 MB/sec
[   10.290833] async_tx: api initialized (async)
[   10.308406] md: raid6 personality registered for level 6
[   10.313989] md: raid5 personality registered for level 5
[   10.319313] md: raid4 personality registered for level 4
[   10.339419] md: raid10 personality registered for level 10
done.
Begin: Running /scripts/init-premount ... done.
Begin: Mounting root file system ... Begin: Running /scripts/local-top ... done.
Begin: Running /scripts/local-premount ... [   10.422341] Btrfs loaded
Scanning for Btrfs filesystems
done.
Warning: fsck not present, so sk[   10.526281] EXT4-fs (sda1): mounted filesystem with ordered data mode. Opts: (null)
ipping root file system
done.
Begin: Running /scripts/local-bottom ... done.
Begin: Running /scripts/init-bottom ... done.
[   10.995964] systemd[1]: systemd 229 running in system mode. (+PAM +AUDIT +SELINUX +IMA +APPARMOR +SMACK +SYSVINIT +UTMP +LIBCRYPTSETUP +GCRYPT +GNUTLS +ACL +XZ -LZ4 +SECCOMP +BLKID +ELFUTILS +KMOD -IDN)
[   11.008537] systemd[1]: Detected virtualization oracle.
[   11.011566] systemd[1]: Detected architecture x86-64.

Welcome to [1mUbuntu 16.04.1 LTS[0m!

[   11.020621] systemd[1]: Set hostname to <djanobox>.
[   11.683796] random: nonblocking pool is initialized
[   12.271295] systemd[1]: Ltening on /dev/initctl Compatibility Named Pipe.
[[0;32m  OK  [0m] Listening on /dev/initctl Compatibility Named Pipe.
[   12.346683] systemd[1]: Reached target User and Group Name Lookups.
[[0;32m  OK  [0m] Reached target User and Group Name Lookups.
[   12.356900] systemd[1]: Set  automount Arbitrary Executable File Formats File System Automount Point.
[[0;32m  OK  [0m] Set up automount Arbitrary Executab...ats File System Automount Point.
[   12.4369] systemd[1]: Listening on LVM2 metadata daemon socket.
[[0;32m  OK  [0m] Listening on LVM2 metadata daemon socket.
[   12.511569] systemd[1]: Reached target Sw.

[[0;32m  OK  [0m] Reached target Swap.
[   12.590263] systemd[1]: Listening on Journal Audit Socket.
[[0;32m  OK  [0m] Listening on Journal Audit Socket.
[   12.651112] systemd[1]: Listening on Journal Socket.
[[0;32m  OK  [0m] Listening on Journal Socket.
[   13.066590] systemd[1]: Listening on Device-mapper event daemon FIFOs.
[[0;32m  OK  [0m] Listening on Device-mapper event daemon FIFOs.
[   13.126910] systemd[1]: Listening on LVM2 poll daemon socket.
[[0;32m  OK  [0m] Listening on LVM2 poll daemon socket.
[   13.142491] systemd[1]: Created slice User anSession Slice.
[[0;32m  OK  [0m] Created slice User and Session Slice.
[   13.231570] systemd[1]: eached target System Time Synchronized.
[[0;32m  OK  [0m] Reached target System Time Synchronized.
[   13.289590] systemd[1]: Listening on udev Control Socket.
[[0;32m  OK  [0m] Listening on udev Control Socket.
[   13.568625] systemd[1]: Listening on Syslog Socket.
[[0;32m  OK  [0m] Listening on Syslog Socket.
[   13.580592] systemd[1]: Started Forward Password Requests to Wall Directory Watch.
[[0;32m  OK  [0m] Started Forward Password Requests to Wall Directory Watch.
[   13.598372] systemd[1]: Reached target Encrypted Volumes.
[[0;32m  OK  [0m] Reached target Encrypted Volumes.
[   13.611690] systemd[1]: Created slice System Slice.
[[0;32m  OK  [0m] Created slice System Slice.
[   13.641914] systemd[1]: Starting Set console keymap...
         Starting Set console keymap...
[   13.655421] systemd[1]: Mounting Debug File System...
         Mounting Debug File System...
[   13.666182] systemd[1]: Starting Monitoring of LVM2 mirrors, snapshots etc. using dmeventd or progress polling...
         Starting Monitoring of LVM2 mirrors... dmeventd or progress polling...
[   13.686571] systemd[1]: Starting Uncomplicated firewall...
         Starting Uncomplicated firewall...
[   13.709256] systemd[1]: Reached target Slices.
[[0;32m  OK  [0m] Reached target Slices.
[   13.761142] systemd[1]: Starting Load Kernel Modules...
         Starting Load Kernel Modules...
[   13.773836] systemd[1]: Mounting Huge Pages File System...
         Mounting Huge Pages File System...
[   13.784810] systemd[1]: Mounting POSIX Message Queue File System...
         Mounting POSIX Message Queue File System...
[   13.820716] systemd[1]: Created slice system-serial\x2dgetty.slice.
[   13.832963] Loading iSCSI transport class v2.0-870.
[[0;32m  OK  [0m] Created slice system-serial\x2dgetty.slice.
[   13.846343] systemd[1]: Listening on udev Kernel Socket.
[[0;32m  OK  [0m] Listening on udev Kernel Socket.
[   13.862282] iscsi: registered transport (tcp)
[   13.873403] systemd[1]: Starting Create list of required static device nodes for the current kernel...
         Starting Create list of required st... nodes for the current kernel...
[   13.927416] systemd[1]: Starting Remount Root and Kernel File Systems...
         Starting Remount Root and Kernel File Systems...
[   13.956825] EXT4-fs (sda1): re-mounted. Opts: (null)
[   13.966329] systemd[1]: Starting Nameserver information manager...
         Starting Nameserver information manager...
[   13.991788] systemd[1]: Listening on Journal Socket (/dev/log).
[[0;32m  OK  [0m] Listening on Journal Socket (/dev/log).
[   14.023096] systemd[1]: Starting Journal Service...
         [   14.030763] iscsi: registered transport (iser)
Starting Journal Service...
[   14.051516] systemd[1]: Mounted POSIX Message Queue File System.
[[0;32m  OK  [0m] Mounted POSIX Message Queue File System.
[   14.185903] systemd[1]: Mounted Huge Pages File System.
[[0;32m  OK  [0m] Mounted Huge Pages File System.
[   14.198906] systemd[1]: Mounted Debug File System.
[[0;32m  OK  [0m] Mounted Debug File System.
[   14.207077] systemd[1]: Started Journal Service.
[[0;32m  OK  [0m] Started Journal Service.
[[0;32m  OK  [0m] Started Set console keymap.
[[0;32m  OK  [0m] Started Uncomplicated firewall.
[[0;32m  OK  [0m] Started Load Kernel Modules.
[[0;32m  OK  [0m] Started Create list of required sta...ce nodes for the current kernel.
[[0;32m  OK  [0m] Started Remount Root and Kernel File Systems.
[[0;32m  OK  [0m] Started Nameserver information manager.
[[0;32m  OK  [0m] Started LVM2 metadata daemon.
         Starting Load/Save Random Seed...
         Starting udev Coldplug all Devices...
         Starting Initial cloud-init job (pre-networking)...
         Starting Create Static Device Nodes in /dev...
         Starting Apply Kernel Variables...
         Mounting FUSE Control File System...
         Starting Flush Journal to Persistent Storage...
[[0;32m  OK  [0m] Mounted FUSE Control File System.
[[0;32m  OK  [0m] Started Load/Save Random Seed.
[[0;32m  OK  [0m] Started Apply Kernel Variables.
[[0;32m  OK  [0m] Started Create Static Device Nodes in /dev.
[[0;32m  OK  [0m] Started udev Coldplug all Devices.
[[0;32m  OK  [0m] Started Flush Journal to Persistent Storage.
         Starting udev Kernel Device Manager...
[[0;32m  OK  [0m] Started Monitoring of LVM2 mirrors,...ng dmeventd or progress polling.
[[0;32m  OK  [0m] Started udev Kernel Device Manager.
[[0;32m  OK  [0m] Started Dispatch Password Requests to Console Directory Watch.
[[0;32m  OK  [0m] Reached target Local File Systems (Pre).
[[0;32m  OK  [0m] Reached target Local File Systems.
         Starting Set console font and keymap...
         Starting LSB: AppArmor initialization...
         Starting Tell Plymouth To Write Out Runtime Data...
         Starting Create Volatile Files and Directories...
[[0;32m  OK  [0m] Started Tell Plymouth To Write Out Runtime Data.
[[0;32m  OK  [0m] Started Create Volatile Files and Directories.
[[0;32m  OK  [0m] Found device /dev/ttyS0.
         Starting Update UTMP about System Boot/Shutdown...
[[0;32m  OK  [0m] Started Update UTMP about System Boot/Shutdown.
[[0;32m  OK  [0m] Found device 82540EM Gigabit Ethern...r (PRO/1000 MT Desktop Adapter).
[[0;32m  OK  [0m] Found device 82540EM Gigabit Ethern...r (PRO/1000 MT Desktop Adapter).
[[0;32m  OK  [0m] Started Set console font and keymap.
[[0;32m  OK  [0m] Created slice system-getty.slice.
[[0;32m  OK  [0m] Started LSB: AppArmor initialization.
[[0;32m  OK  [0m] Listening on Load/Save RF Kill Switch Status /dev/rfkill Watch.
[   17.802015] cloud-init[473]: Cloud-init v. 0.7.8 running 'init-local' at Wed, 03 Apr 2019 14:58:12 +0000. Up 16.67 seconds.
[[0;32m  OK  [0m] Started Initial cloud-init job (pre-networking).
[[0;32m  OK  [0m] Reached target Network (Pre).
[[0;32m  OK  [0m] Started ifup for enp0s3.
         Starting Raise network interfaces...
[[0;32m  OK  [0m] Started ifup for enp0s8.
[[0;32m  OK  [0m] Started Raise network interfaces.
[[0;32m  OK  [0m] Reached target Network.
         Starting Initial cloud-init job (metadata service crawler)...
[   19.988481] cloud-init[1161]: Cloud-init v. 0.7.8 running 'init' at Wed, 03 Apr 2019 14:58:15 +0000. Up 19.35 seconds.
[   20.000642] cloud-init[1161]: ci-info: ++++++++++++++++++++++++++++++++++++++Net device info++++++++++++++++++++++++++++++++++++++
[   20.019352] cloud-init[1161]: ci-info: +--------+------+-----------------------------+---------------+-------+-------------------+
[   20.031959] cloud-init[1161]: ci-info: | Device |  Up  |           Address           |      Mask     | Scope |     Hw-Address    |
[   20.047272] cloud-init[1161]: ci-info: +--------+------+-----------------------------+---------------+-------+-------------------+
[   20.069028] cloud-init[1161]: ci-info: | enp0s3 | True |          10.0.2.15          | 255.255.255.0 |   .   | 02:2d:cd:03:0d:15 |
[   20.134172] cloud-init[1161]: ci-info: | enp0s3 | True |  fe80::2d:cdff:fe03:d15/64  |       .       |  link | 02:2d:cd:03:0d:15 |
[   20.252811] cloud-init[1161]: ci-info: | enp0s8 | True |         10.10.1.103         | 255.255.255.0 |   .   | 08:00:27:ea:ed:5d |
[   20.253880] cloud-init[1161]: ci-info: | enp0s8 | True | fe80::a00:27ff:feea:ed5d/64 |       .       |  link | 08:00:27:ea:ed:5d |
[[0;32m  OK  [0m] Started Initial cloud-init job (metadata service crawler).
[[   20.254330] cloud-init[1161]: ci-info: |   lo   | True |          127.0.0.1          |   255.0.0.0   |   .   |         .         |
[   20.361322] cloud-init[1161]: ci-info: |   lo   | True |           ::1/128           |       .       |  host |         .         |
[0;32m  OK  [0m] Reached target Cloud-config availability.
[[0;32m  OK  [0m] Reached target Network is Online.
[   20.362726] cloud-init[1161]: ci-info: +--------+------+-----------------------------+---------------+-------+-------------------+
[   20.417219] cloud-init[1161]: ci-info: +++++++++++++++++++++++++++Route IPv4 info++++++++++++++++++++++++++++
[   20.427340] cloud-init[1161]: ci-info: +-------+-------------+----------+---------------+-----------+-------+
[   20.441187] cloud-init[1161]: ci-info: | Route | Destination | Gateway  |    Genmask    | Interface | Flags |
[   20.441311] cloud-init[1161]: ci-info: +-------+-------------+----------+---------------+-----------+-------+
[   20.441877] cloud-init[1161]: ci-info: |   0   |   0.0.0.0   | 10.0.2.2 |    0.0.0.0    |   enp0s3  |   UG  |
[   20.442371] cloud-init[1161]: ci-info: |   1   |   10.0.2.0  | 0.0.0.0  | 255.255.255.0 |   enp0s3  |   U   |
[   20.442851] cloud-init[1161]: ci-info: |   2   |  10.10.1.0  | 0.0.0.0  | 255.255.255.0 |   enp0s8  |   U   |
         Starting iSCSI initiator daemon (iscsid)...
[[0;32m  OK  [0m] Reached target System Initialization.
[[0;32m  OK  [0m] Listening on ACPID Listen Socket.
[   20.443342] cloud-init[1161]: ci-info: +-------+-------------+----------+---------------+-----------+-------+
[[0;32m  OK  [0m] Listening on UUID daemon activation socket.
[[0;32m  OK  [0m] Started Trigger resolvconf update for networkd DNS.
[[0;32m  OK  [0m] Started Timer to automatically refresh installed snaps.
[[0;32m  OK  [0m] Started Daily Cleanup of Temporary Directories.
[[0;32m  OK  [0m] Started ACPI Events Check.
[[0;32m  OK  [0m] Reached target Paths.
[[0;32m  OK  [0m] Listening on D-Bus System Message Bus Socket.
[[0;32m  OK  [0m] Started Daily apt activities.
[[0;32m  OK  [0m] Reached target Timers.
         Starting Socket activation for snappy daemon.
         Starting LXD - unix socket.
[[0;32m  OK  [0m] Listening on Socket activation for snappy daemon.
[[0;32m  OK  [0m] Listening on LXD - unix socket.
[[0;32m  OK  [0m] Started iSCSI initiator daemon (iscsid).
         Starting Login to default iSCSI targets...
[[0;32m  OK  [0m] Reached target Sockets.
[[0;32m  OK  [0m] Reached target Basic System.
[[0;32m  OK  [0m] Started D-Bus System Message Bus.
         Starting /etc/rc.local Compatibility...
         Starting vboxadd.service...
         Starting LXD - container startup/shutdown...
         Starting A high performance web server and a reverse proxy server...
         Starting Apply the settings specified in cloud-config...
         Starting OpenBSD Secure Shell server...
         Starting Accounts Service...
[[0;32m  OK  [0m] Started Regular background program processing daemon.
[[0;32m  OK  [0m] Started ACPI event daemon.
         Starting System Logging Service...
         Starting LSB: Record successful boot for GRUB...
         Starting MySQL Community Server...
[[0;32m  OK  [0m] Started Supervisor process control system for UNIX.
         Starting LSB: MD monitoring daemon...
[[0;32m  OK  [0m] Started Deferred execution scheduler.
         Starting Login Service...
[[0;32m  OK  [0m] Started FUSE filesystem for LXC.
         Starting RabbitMQ Messaging Server...
         Starting Advanced key-value store...
[[0;32m  OK  [0m] Started Snappy daemon.
         Starting Auto import assertions from block devices...
[[0;32m  OK  [0m] Started /etc/rc.local Compatibility.
[[0;32m  OK  [0m] Started Auto import assertions from block devices.
[[0;32m  OK  [0m] Started System Logging Service.
[[0;32m  OK  [0m] Started Login to default iSCSI targets.
[[0;32m  OK  [0m] Started OpenBSD Secure Shell server.
[[0;32m  OK  [0m] Started vboxadd.service.
[[0;32m  OK  [0m] Started LSB: Record successful boot for GRUB.
[[0;32m  OK  [0m] Started LSB: MD monitoring daemon.
[[0;32m  OK  [0m] Started Login Service.
         Starting Authenticate and Authorize Users to Run Privileged Tasks...
         Starting vboxadd-service.service...
[[0;32m  OK  [0m] Reached target Remote File Systems (Pre).
[[0;32m  OK  [0m] Reached target Remote File Systems.
         Starting LSB: Set the CPU Frequency Scaling governor to "ondemand"...
         Starting Permit User Sessions...
         Starting LSB: daemon to balance interrupts for SMP systems...
         Starting LSB: automatic crash report generation...
[[0;32m  OK  [0m] Started Advanced key-value store.
[[0;32m  OK  [0m] Started Permit User Sessions.
[[0;32m  OK  [0m] Started Authenticate and Authorize Users to Run Privileged Tasks.
[[0;32m  OK  [0m] Started LXD - container startup/shutdown.
[[0;32m  OK  [0m] Started vboxadd-service.service.
[[0;32m  OK  [0m] Started Accounts Service.
[[0;32m  OK  [0m] Started LSB: Set the CPU Frequency Scaling governor to "ondemand".
         Starting Hold until boot process finishes up...
         Starting Terminate Plymouth Boot Screen...
[[0;32m  OK  [0m] Started Hold until boot process finishes up.
[[0;32m  OK  [0m] Started LSB: daemon to balance interrupts for SMP systems.
[[0;32m  OK  [0m] Started Terminate Plymouth Boot Screen.
[[0;32m  OK  [0m] Started A high performance web server and a reverse proxy server.
[[0;32m  OK  [0m] Started LSB: automatic crash report generation.
[[0;32m  OK  [0m] Started Serial Getty on ttyS0.
         Starting Set console scheme...
[[0;32m  OK  [0m] Started Getty on tty1.
[[0;32m  OK  [0m] Reached target Login Prompts.
[[0;32m  OK  [0m] Started Set console scheme.
[   24.859122] cloud-init[1233]: Cloud-init v. 0.7.8 running 'modules:config' at Wed, 03 Apr 2019 14:58:19 +0000. Up 23.92 seconds.
[[0;32m  OK  [0m] Started Apply the settings specified in cloud-config.
[[0;32m  OK  [0m] Created slice User Slice of ubuntu.
         Starting User Manager for UID 1000...
[[0;32m  OK  [0m] Started Session 1 of user ubuntu.
[[0;32m  OK  [0m] Started User Manager for UID 1000.
[[0;32m  OK  [0m] Started MySQL Community Server.

Ubuntu 16.04.1 LTS djangobox ttyS0

djangobox login: [   34.283916] cloud-init[2320]: Cloud-init v. 0.7.8 running 'modules:final' at Wed, 03 Apr 2019 14:58:30 +0000. Up 34.13 seconds.
[   34.286875] cloud-init[2320]: Cloud-init v. 0.7.8 finished at Wed, 03 Apr 2019 14:58:30 +0000. Datasource DataSourceNoCloud [seed=/dev/sdb][dsmode=net].  Up 34.27 seconds
